cebolla xonaca
ajo axox
kilo ki
aquí nican
haba ahuax
dinero tomin
chile amo
cucharada chil
amar xumalli
año tlazohtla
sal xihuitl
2 izta
luego ome
8 niman
5 chicuey
noche macuil
elote yohual
juan elo
vender juan
pedernal tlanamaca
6 tecpa
diego chicuacen
4 diego
llorar nahui
comal choca
vivir comal
manteca nemi
hongo chiyahuizotl
flor nanacatl
nopal xochi
escudo nohpal
día chimal
pollo tonal
atole poyox
zanahoria atol
ahora zanahoria
traficante axcan
san pochteca
trabajar san
morir tequiti
casa miqui
cuerpo chan
carne nacayo
masa naca
zapatista textli
maría zapatista
carlos maria
arroz carlo
azúcar arroz
después tzopel
mañana zatepan
ropa moztla
mercado tzotzoma
mucho tianquiz
mexicano miac
tamal mexica
mes tamalli
guerra metz
enojar yao
rico cualan
salir tlatquihua
obispo quiza
viento obispo
ciudad eheca
dialogar altepe
tortilla onotzalli
camisa tlaxcal
hoja huipil
mi izhua
llanto choqui
cuando ihcuac
otro occe
nuevo yancui
dios dios
naranja naranja
frase tlahtol
pasar pano
corazón yollo
húmedo cuechac
café fen
vena chilcuitlaxcolli
maestro temachti
ayudar palehui
sombrero cecahuil
1 motecuhzoma
moctezuma caxtol
15 nacochtli
orejera amox
libro mayana
hambre gabriel
gabriel tecuciztecatl
tecuciztecatl patlahua
ancho angel
ángel guadalu
guadalupe pia
qué tlen
más achi
mujer cihua
10 mahtlac
desarrollar mozcalti
familia yeliz
o ahnozo
pañete maxtla
manzana manzana
7 chic
rociar rociaro
clavo noch
amigo clavo
llano icnin
sol talmanic
catarinas tona
pepita catarina
papel ayohhuach
perro ama
vida chichi
caer nemiliz
20 huetzi
mazorca cempoal
grande izhua
allá hueyi
carpa ompa
huitlacoche carpa
gritar cuitlacoch
tuya tzatzi
jade mohuaxca
comida chalchihui
taza tlacual
tierra tecon
cuánto tlalticpac
silvia quezqui
patio silvia
hormiga itual
azcapotzalco azcat
madre azcapotzal
ámbar nantzin
zapata apozonal
collar zapata
arrodillar cozcatl
tarde motlancua
dueño teotlac
salsa axcatili
vecino chilmolli
tomate calehcapo
molleja toma
primero xaltemetl
oro achtopa
cucharadita teocuitla
adivínenlo xuxumalton
alguien xicadivinaro
buscar aca
barrer temoa
poco chpana
jitomate tepi
entrar toma
cómo calaqui
mentiroso quenin
saber iztlacatini
enfermo mati
izquierda cocox
nuestro pochcopa
coche calmimilo
me nech
esperar chia
licuadora tzoaloni
ala namoahtapal
espeso tetzahua
barranco atahuit
querer nequi
amarillo coz
gustar pactia
molcajete molcaxitl
remuneración taxtahuil
cierto melahua
miguel miguel
animal yolca
dar maca
palabra tlahtol
lejos huehca
dónde can
manantial ameyal
él yehua
contestar tlananquili
manta tilmah
preocupar motequipacho
medio nepantla
quetzal quetzal
bueno cual
detener moilochti
tigre ocelo
quesadilla tlatemitiltlaxcalli
español caxtilan
silla icpal
descansar mocehui
zapoteco zapoteca
comenzar pehua
docto tlamati
raíz nelhuayo
dormir cochi
caña aca
fuego tle
venir hual
caro patio
promesa nehtol
regazo cuexan
cuidador apiani
hombre tlaca
árbol cuahuitl
hígado ieltapach
palacio tecpan
estudiar machti
bien cual
relámpago petani
anteayer huiptla
venado maza
mover olinia
parecer neci
quedar cahua
cirio cirio
ayocote ayecoh
cerro tepe
miel necuh
tuyo mohuaxca
rojo chichil
chícharos calhuahza
lavar paca
arriba ahco
allí oncan
anciano ilama
tapar pachoa
campo xtlahua
calle oh
amaranto huauh
crecer hueyi
bajar temo
vapor ihpotoc
lengua enepil
comer cua
cama tlapech
camino oh
hervir cuacualaca
creer neltoc
oreja nacaz
espejo tezca
recordar namiqui
puerco pitz
comprar cohua
blanco izta
cantar cuica
empezar pehua
plaza tianquiz
panza mazayelnanaca
teatro tlamahuiz
comerciante oztomeca
gato miz
huir cholo
pie cxi
mexica mexica
germinar celi
canto cuic
ceniza nex
joven telpoca
girar malacacho
prontamente ciuhca
conocer ixmati
tejamanileros tlaxamanil
ojo ixtelolo
pluma quetzal
muy huel
mamá nantzin
hoy axcan
diente tlan
madrina teoticanantzin
color tlapal
guajolote totol
relleno tlatemitilli
criado tequipano
muchacho ichpoc
verde xoxo
tristeza tlaocol
varón oquich
calabaza ayo
nos tech
bailar mito
castigarlo cohcol
aliento ihiyo
empuje topehua
verdad nel
3 ilhui
cielo toca
nombre neci
aparecer zol
codorniz malacacho
vuelta ilhui
fiesta caxtilan
castellano tototl
pájaro ihuinti
embriagar mil
milpa tzetzeloa
derrama totoca
perseguir ocelo
ocelote achtopa
primeramente petlacal
caja camanal
broma nepapan
variar ahui
llover polo
perder coco
enfermedad textli
pasta comitl
recipiente cualan
pelear nahuatlahtol
náhuatl tepi
poquito calmimilo
tren cuechahua
humedad polihui
perecer coatl
serpiente totonia
calentar achto
antes michi
pescado huehue
viejo tlecuil
fogón mahuiztic
extraordinario pohua
relatar ixpetani
distraer mocuep
regresar hcuilo
escribir man
hora xoco
tejocotes mopechteccac
agua ciuhca
inclinar pinauhtiz
prisa cuahuitl
avergonzar tzacua
leña nonotza
cerrar mahuizo
platicar tecol
admirar zoqui
carbón choc
barro ama
lloro chipi
carta tzotzona
gota tlahuana
tocar tlatia
embriaguez jilguero
quemar quixti
jilguero petlacal
sacar tlauhtia
cofre chichina
gratificar pahpaqui
fumar teponaz
contento necuh
tambor pitzahua
tepache yol
delgado culhuacan
cascabel elcicihui
culhuacan chicahua
suspiro yoyolcameh
fuerte inglestlahto
microbio ez
ingle teo
sangre tzon
divino nacaz
cabeza texcal
esquina celi
roca tequi
fresco huipil
trabajo mahui
faldellín tlananquili
jugar mocehui
respuesta choqui
descanso azta
lágrima tzon
garza xinechmotlapohpolhuili
1000 malacachtepec
perdóneme quimiloa
malacachtepec tazohcamati
abrigar tlanamaca
gracia quexquich
vendar caxi
cuanto huica
cazuela chihua
llevar oncan
acá nemi
vivo tazohcamati
agradecer tta
ver tlatzotzonque
músico chicuacen
sexto pil
hijo tlamatiliz
cultura moilochti
demorar altepe
pueblo chipahuaque
limpiar notza
llamar ciuhca
brevemente tlazohtla
amado htlani
pregunta tlanamaca
vendo tlahtohua
hablar chicauh
fuerza chicahuaz
fortalecer planta
planta pohua
leer notza
llamarlo pitz
cruel tlanamaca
vendais nicnemili
pensar yehua
mismo moztla
diariamente cauh
dejar noteahu
tío pochteca
jefe tealti
bañar tata
padre pix
custodiar miac
varios omitz
hueso pohpo
perdonar teopix
sacerdote nel
ciertamente tlazohtla
ameis hto
decir choca
gemir tlaca
señor patahuaz
extender tlauhti
rogar motozcatlan
garganta pahpaqui
dichoso teporingo
teporingos itac
verme toma
jitomates acxoya
abeto huilana
arrastrar tzmolin
conjunto cuepa
volver cuitlahui
cuidar cuitlahui
cuidado nahuac
junto nlcaci
entender chapoltepec
chapultepec can
donde amo
nada calaqui
meter pohui
pertenecer xochi
jardín taz
verlo palehui
ayuda tolachno
durazno cuic
cantor serviroz
servir xinach
semilla quechol
ave icuitlapil
cola tzotzocol
gorra xical
jícara tlaca
persona tlamachtil
escuela cocone
niño toma
grueso chiyahuizotl
aceite icnin
hermano anahuaca
costa ichpoc
virgen naca
liebre nequi
necesario huitequi
golpear yocox
calma niman
seguida caxtillan
españa tequi
cortar ixquich
hasta hueyi
gran tlaman
artículo yohua
obscurecerse nemi
vivais tototl
pajarito pah
medicina ohuala
vino namiqui
encontrar pilca
colgar cuiltono
enriquecer zauh
ayunar tlalnan
país huica
traer cualtiz
lávese cui
tomar ihtacatl
itacates tezca
lago pitza
flauta po
humo pipil
caballero mal
cautivo tecoma
tazón nonotza
exhortación chiquihui
cesto xal
arena ommihzo
sangrar mimic
pez xicadivinaro
adivinar nahuati
despedir mama
carga tzopel
dulce tzatzi
grito teca
acostar mama
cargar acalli
canoa cah
ingrato coyoc
zapato mauh
agujero elehuia
espantar micuani
anhelo icpal
trasladar pepena
mueble tata
escoger namacoyan
papá tenehui
tienda maquili
invocar ihtoti
darme oquich
danzar texcal
macho mic
peñascal yollamachiliz
muerto polihui
desaparecer chalca
chalcas toton
caliente ixiptla
imagen tzotzona
tañer cualita
interesar cuepcayo
retornar olini
error tlapolo
orina cuitl
patria tlalnan
ordenar nahuati
amistad icniuh
entraña xillan
culhuacán colhuaca
saludo tlahpal
tamboril tzotzona
parar quetza
preocuparse netequipacholo
